Traceback (most recent call last):
  File "/home/codespace/.local/lib/python3.12/site-packages/jupyter_core/utils/__init__.py", line 154, in wrapped
    asyncio.get_running_loop()
RuntimeError: no running event loop

During handling of the above exception, another exception occurred:

Traceback (most recent call last):
  File "/usr/local/python/3.12.1/lib/python3.12/site-packages/jupyter_cache/executors/utils.py", line 58, in single_nb_execution
    executenb(
  File "/home/codespace/.local/lib/python3.12/site-packages/nbclient/client.py", line 1319, in execute
    return NotebookClient(nb=nb, resources=resources, km=km, **kwargs).execute()
           ^^^^^^^^^^^^^^^^^^^^^^^^^^^^^^^^^^^^^^^^^^^^^^^^^^^^^^^^^^^^^^^^^^^^^
  File "/home/codespace/.local/lib/python3.12/site-packages/jupyter_core/utils/__init__.py", line 158, in wrapped
    return loop.run_until_complete(inner)
           ^^^^^^^^^^^^^^^^^^^^^^^^^^^^^^
  File "/usr/local/python/3.12.1/lib/python3.12/asyncio/base_events.py", line 684, in run_until_complete
    return future.result()
           ^^^^^^^^^^^^^^^
  File "/home/codespace/.local/lib/python3.12/site-packages/nbclient/client.py", line 709, in async_execute
    await self.async_execute_cell(
  File "/home/codespace/.local/lib/python3.12/site-packages/nbclient/client.py", line 1062, in async_execute_cell
    await self._check_raise_for_error(cell, cell_index, exec_reply)
  File "/home/codespace/.local/lib/python3.12/site-packages/nbclient/client.py", line 918, in _check_raise_for_error
    raise CellExecutionError.from_cell_and_msg(cell, exec_reply_content)
nbclient.exceptions.CellExecutionError: An error occurred while executing the following cell:
------------------
# === Install library ===
!pip install Sastrawi tqdm

import pandas as pd
import string
import nltk
import requests
from nltk.tokenize import word_tokenize
from nltk.stem import WordNetLemmatizer
from Sastrawi.Stemmer.StemmerFactory import StemmerFactory
from Sastrawi.StopWordRemover.StopWordRemoverFactory import StopWordRemoverFactory
from google.colab import files
from functools import lru_cache
from tqdm.notebook import tqdm

# Download resource NLTK
nltk.download('punkt')
nltk.download('punkt_tab')   # fix error punkt_tab
nltk.download('wordnet')

# Tools
factory_stemmer = StemmerFactory()
stemmer = factory_stemmer.create_stemmer()
factory_stop = StopWordRemoverFactory()
stopword = factory_stop.create_stop_word_remover()
lemmatizer = WordNetLemmatizer()

# Wordlist Indonesia
url = "https://raw.githubusercontent.com/damarpayung/indonesian-wordlist/master/indonesian.txt"
response = requests.get(url)
indonesian_dict = set(response.text.splitlines()) if response.status_code == 200 else set()

def pembakuan_kata(token):
    return token if token in indonesian_dict else token

# === Caching untuk stemming ===
@lru_cache(maxsize=50000)
def cached_stem(word):
    return stemmer.stem(word)

# Fungsi preprocessing
def preprocess(text):
    if pd.isna(text):
        return ""
    text = text.lower()
    text = text.translate(str.maketrans("", "", string.punctuation))
    text = stopword.remove(text)
    tokens = word_tokenize(text)
    tokens = [pembakuan_kata(t) for t in tokens]
    tokens = [cached_stem(t) for t in tokens]
    tokens = [lemmatizer.lemmatize(t) for t in tokens]
    return " ".join(tokens)

# Upload file
uploaded = files.upload()
filename = list(uploaded.keys())[0]
df = pd.read_csv(filename)

# Terapkan preprocessing dengan progress bar
for col in df.select_dtypes(include=['object']).columns:
    tqdm.pandas(desc=f"Processing {col}")   # progress bar per kolom
    df[col] = df[col].astype(str).progress_apply(preprocess)

# Simpan hasil
output_file = "PPW_HasilCrawling_FakultasTeknik_preprocessed.csv"
df.to_csv(output_file, index=False)
files.download(output_file)

------------------

----- stdout -----
Requirement already satisfied: Sastrawi in /usr/local/python/3.12.1/lib/python3.12/site-packages (1.0.1)
Requirement already satisfied: tqdm in /usr/local/python/3.12.1/lib/python3.12/site-packages (4.67.1)
----- stdout -----

[1m[[0m[34;49mnotice[0m[1;39;49m][0m[39;49m A new release of pip is available: [0m[31;49m25.1.1[0m[39;49m -> [0m[32;49m25.2[0m
[1m[[0m[34;49mnotice[0m[1;39;49m][0m[39;49m To update, run: [0m[32;49mpython3 -m pip install --upgrade pip[0m
------------------

[31m---------------------------------------------------------------------------[39m
[31mModuleNotFoundError[39m                       Traceback (most recent call last)
[36mCell[39m[36m [39m[32mIn[1][39m[32m, line 12[39m
[32m     10[39m [38;5;28;01mfrom[39;00m[38;5;250m [39m[34;01mSastrawi[39;00m[34;01m.[39;00m[34;01mStemmer[39;00m[34;01m.[39;00m[34;01mStemmerFactory[39;00m[38;5;250m [39m[38;5;28;01mimport[39;00m StemmerFactory
[32m     11[39m [38;5;28;01mfrom[39;00m[38;5;250m [39m[34;01mSastrawi[39;00m[34;01m.[39;00m[34;01mStopWordRemover[39;00m[34;01m.[39;00m[34;01mStopWordRemoverFactory[39;00m[38;5;250m [39m[38;5;28;01mimport[39;00m StopWordRemoverFactory
[32m---> [39m[32m12[39m [38;5;28;01mfrom[39;00m[38;5;250m [39m[34;01mgoogle[39;00m[34;01m.[39;00m[34;01mcolab[39;00m[38;5;250m [39m[38;5;28;01mimport[39;00m files
[32m     13[39m [38;5;28;01mfrom[39;00m[38;5;250m [39m[34;01mfunctools[39;00m[38;5;250m [39m[38;5;28;01mimport[39;00m lru_cache
[32m     14[39m [38;5;28;01mfrom[39;00m[38;5;250m [39m[34;01mtqdm[39;00m[34;01m.[39;00m[34;01mnotebook[39;00m[38;5;250m [39m[38;5;28;01mimport[39;00m tqdm

[31mModuleNotFoundError[39m: No module named 'google'

